// Jest Snapshot v1, https://goo.gl/fbAQLP

exports[`Tag should take a snapshot 1`] = `
<DocumentFragment>
  <div
    class="sc-AxjAm kfxWr"
  />
</DocumentFragment>
`;
