// Jest Snapshot v1, https://goo.gl/fbAQLP

exports[`Container should take a snapshot 1`] = `
<DocumentFragment>
  <div
    class="sc-AxjAm hmTpfC"
  />
</DocumentFragment>
`;
