// Jest Snapshot v1, https://goo.gl/fbAQLP

exports[`Card should take a snapshot 1`] = `
<DocumentFragment>
  <div
    class="sc-AxgMl iPXDbQ"
  >
    <img
      alt="Bulbasaur"
      data-testid="image"
      height="250px"
      src="https://img.pokemondb.net/artwork/bulbasaur.jpg"
      title="Bulbasaur"
      width="250px"
    />
    <h1
      class="sc-AxhUy fribKI"
    >
      Bulbasaur
    </h1>
    <div
      class="sc-AxiKw iKTzNz"
    >
      <div
        class="sc-AxhCb kVJJmU"
      >
        Grass
      </div>
      <div
        class="sc-AxhCb kVJJmU"
      >
        Poison
      </div>
    </div>
    <div
      class="sc-AxiKw eBaALJ"
    >
      <button
        class="sc-AxjAm cGFuEg"
        color="#ffffff"
        data-testid="button"
        width="150px"
      >
        <svg
          aria-hidden="true"
          class="svg-inline--fa fa-pen fa-w-16 fa-1x fa-swap-opacity "
          data-icon="pen"
          data-prefix="fas"
          focusable="false"
          role="img"
          viewBox="0 0 512 512"
          xmlns="http://www.w3.org/2000/svg"
        >
          <path
            d="M290.74 93.24l128.02 128.02-277.99 277.99-114.14 12.6C11.35 513.54-1.56 500.62.14 485.34l12.7-114.22 277.9-277.88zm207.2-19.06l-60.11-60.11c-18.75-18.75-49.16-18.75-67.91 0l-56.55 56.55 128.02 128.02 56.55-56.55c18.75-18.76 18.75-49.16 0-67.91z"
            fill="currentColor"
          />
        </svg>
         Editar
      </button>
    </div>
  </div>
</DocumentFragment>
`;
