// Jest Snapshot v1, https://goo.gl/fbAQLP

exports[`FormLegend should take a snapshot 1`] = `
<DocumentFragment>
  <div
    class="sc-AxjAm ibOowz"
  >
    <div
      class="sc-AxiKw jWoTjM"
    />
  </div>
</DocumentFragment>
`;
