// Jest Snapshot v1, https://goo.gl/fbAQLP

exports[`Grid should take a snapshot 1`] = `
<DocumentFragment>
  <div
    class="sc-AxjAm StDqN"
  />
</DocumentFragment>
`;
