// Jest Snapshot v1, https://goo.gl/fbAQLP

exports[`Row should take a snapshot 1`] = `
<DocumentFragment>
  <div
    class="sc-AxjAm ekGySf"
    width="unset"
  />
</DocumentFragment>
`;
