// Jest Snapshot v1, https://goo.gl/fbAQLP

exports[`Input should take a snapshot 1`] = `
<DocumentFragment>
  <input
    class="sc-AxjAm gFuQfl"
  />
</DocumentFragment>
`;
