// Jest Snapshot v1, https://goo.gl/fbAQLP

exports[`Take a snapshot should take a snapshot 1`] = `
<DocumentFragment>
  <div
    class="sc-AxirZ jkHhiD"
    data-testid="navbar"
  >
    <a
      data-testid="home-link"
      href="/pokemon"
    >
      <img
        alt="PokÃ©mon"
        class="img"
        height="50px"
        src="logo.png"
      />
    </a>
  </div>
  <div
    class="sc-AxiKw gsSvlJ"
  >
    <div
      class="sc-AxjAm ekzoek"
    >
      <svg
        aria-hidden="true"
        class="svg-inline--fa fa-spinner fa-w-16 fa-spin fa-5x "
        data-icon="spinner"
        data-prefix="fas"
        focusable="false"
        role="img"
        viewBox="0 0 512 512"
        xmlns="http://www.w3.org/2000/svg"
      >
        <path
          d="M304 48c0 26.51-21.49 48-48 48s-48-21.49-48-48 21.49-48 48-48 48 21.49 48 48zm-48 368c-26.51 0-48 21.49-48 48s21.49 48 48 48 48-21.49 48-48-21.49-48-48-48zm208-208c-26.51 0-48 21.49-48 48s21.49 48 48 48 48-21.49 48-48-21.49-48-48-48zM96 256c0-26.51-21.49-48-48-48S0 229.49 0 256s21.49 48 48 48 48-21.49 48-48zm12.922 99.078c-26.51 0-48 21.49-48 48s21.49 48 48 48 48-21.49 48-48c0-26.509-21.491-48-48-48zm294.156 0c-26.51 0-48 21.49-48 48s21.49 48 48 48 48-21.49 48-48c0-26.509-21.49-48-48-48zM108.922 60.922c-26.51 0-48 21.49-48 48s21.49 48 48 48 48-21.49 48-48-21.491-48-48-48z"
          fill="currentColor"
        />
      </svg>
    </div>
  </div>
</DocumentFragment>
`;
